\BOOKMARK [0][-]{chapter*.1}{\376\377\000R\000e\000m\000e\000r\000c\000i\000e\000m\000e\000n\000t\000s}{}% 1
\BOOKMARK [0][-]{chapter*.2}{\376\377\000R\000\351\000s\000u\000m\000\351}{}% 2
\BOOKMARK [0][-]{chapter*.3}{\376\377\000A\000b\000s\000t\000r\000a\000c\000t}{}% 3
\BOOKMARK [0][-]{chapter*.5}{\376\377\000L\000i\000s\000t\000e\000\040\000d\000e\000s\000\040\000f\000i\000g\000u\000r\000e\000s}{}% 4
\BOOKMARK [0][-]{chapter*.6}{\376\377\000L\000i\000s\000t\000e\000\040\000d\000e\000s\000\040\000t\000a\000b\000l\000e\000a\000u\000x}{}% 5
\BOOKMARK [0][-]{chapter*.7}{\376\377\000L\000i\000s\000t\000e\000\040\000d\000e\000s\000\040\000a\000b\000r\000\351\000v\000i\000a\000t\000i\000o\000n\000s}{}% 6
\BOOKMARK [0][-]{chapter*.8}{\376\377\000I\000n\000t\000r\000o\000d\000u\000c\000t\000i\000o\000n\000\040\000G\000\351\000n\000\351\000r\000a\000l\000e}{}% 7
\BOOKMARK [0][-]{chapter.1}{\376\377\000C\000o\000n\000t\000e\000x\000t\000e\000\040\000g\000\351\000n\000\351\000r\000a\000l\000\040\000d\000u\000\040\000p\000r\000o\000j\000e\000t}{}% 8
\BOOKMARK [1][-]{section*.9}{\376\377\000I\000n\000t\000r\000o\000d\000u\000c\000t\000i\000o\000n}{chapter.1}% 9
\BOOKMARK [1][-]{section.1.1}{\376\377\000C\000a\000d\000r\000e\000\040\000g\000\351\000n\000\351\000r\000a\000l\000\040\000d\000u\000\040\000p\000r\000o\000j\000e\000t}{chapter.1}% 10
\BOOKMARK [2][-]{subsection.1.1.1}{\376\377\000P\000r\000\351\000s\000e\000n\000t\000a\000t\000i\000o\000n\000\040\000d\000u\000\040\000p\000r\000o\000j\000e\000t\000\040\000A\000e\000g\000i\000s\000M\000C\000P}{section.1.1}% 11
\BOOKMARK [2][-]{subsection.1.1.2}{\376\377\000O\000r\000g\000a\000n\000i\000s\000a\000t\000i\000o\000n\000\040\000d\000u\000\040\000b\000i\000n\000\364\000m\000e}{section.1.1}% 12
\BOOKMARK [1][-]{section.1.2}{\376\377\000\311\000t\000u\000d\000e\000\040\000d\000e\000\040\000l\000'\000e\000x\000i\000s\000t\000a\000n\000t}{chapter.1}% 13
\BOOKMARK [2][-]{subsection.1.2.1}{\376\377\000D\000e\000s\000c\000r\000i\000p\000t\000i\000o\000n\000\040\000d\000e\000\040\000l\000'\000e\000x\000i\000s\000t\000a\000n\000t}{section.1.2}% 14
\BOOKMARK [2][-]{subsection.1.2.2}{\376\377\000C\000r\000i\000t\000i\000q\000u\000e\000\040\000d\000e\000\040\000l\000'\000e\000x\000i\000s\000t\000a\000n\000t}{section.1.2}% 15
\BOOKMARK [1][-]{section.1.3}{\376\377\000P\000r\000o\000b\000l\000\351\000m\000a\000t\000i\000q\000u\000e}{chapter.1}% 16
\BOOKMARK [1][-]{section.1.4}{\376\377\000O\000b\000j\000e\000c\000t\000i\000f\000s\000\040\000d\000u\000\040\000p\000r\000o\000j\000e\000t}{chapter.1}% 17
\BOOKMARK [2][-]{subsection.1.4.1}{\376\377\000O\000b\000j\000e\000c\000t\000i\000f\000\040\000g\000\351\000n\000\351\000r\000a\000l}{section.1.4}% 18
\BOOKMARK [2][-]{subsection.1.4.2}{\376\377\000O\000b\000j\000e\000c\000t\000i\000f\000s\000\040\000s\000p\000\351\000c\000i\000f\000i\000q\000u\000e\000s}{section.1.4}% 19
\BOOKMARK [1][-]{section.1.5}{\376\377\000M\000\351\000t\000h\000o\000d\000o\000l\000o\000g\000i\000e\000\040\000e\000t\000\040\000p\000l\000a\000n\000i\000f\000i\000c\000a\000t\000i\000o\000n}{chapter.1}% 20
\BOOKMARK [2][-]{subsection.1.5.1}{\376\377\000M\000\351\000t\000h\000o\000d\000o\000l\000o\000g\000i\000e\000\040\000A\000g\000i\000l\000e\000\040\000\050\000S\000c\000r\000u\000m\000\051}{section.1.5}% 21
\BOOKMARK [2][-]{subsection.1.5.2}{\376\377\000A\000d\000a\000p\000t\000a\000t\000i\000o\000n\000\040\000d\000e\000s\000\040\000r\000\364\000l\000e\000s\000\040\000S\000c\000r\000u\000m\000\040\000a\000u\000\040\000c\000o\000n\000t\000e\000x\000t\000e\000\040\000d\000u\000\040\000p\000r\000o\000j\000e\000t}{section.1.5}% 22
\BOOKMARK [2][-]{subsection.1.5.3}{\376\377\000O\000r\000g\000a\000n\000i\000s\000a\000t\000i\000o\000n\000\040\000d\000e\000s\000\040\000i\000t\000\351\000r\000a\000t\000i\000o\000n\000s}{section.1.5}% 23
\BOOKMARK [2][-]{subsection.1.5.4}{\376\377\000D\000i\000a\000g\000r\000a\000m\000m\000e\000\040\000d\000e\000\040\000G\000a\000n\000t\000t}{section.1.5}% 24
\BOOKMARK [2][-]{subsection.1.5.5}{\376\377\000G\000e\000s\000t\000i\000o\000n\000\040\000d\000e\000\040\000v\000e\000r\000s\000i\000o\000n\000\040\000e\000t\000\040\000t\000r\000a\000\347\000a\000b\000i\000l\000i\000t\000\351}{section.1.5}% 25
\BOOKMARK [1][-]{subsection.1.5.5}{\376\377\000C\000o\000n\000c\000l\000u\000s\000i\000o\000n}{chapter.1}% 26
\BOOKMARK [0][-]{chapter.2}{\376\377\000\311\000t\000a\000t\000\040\000d\000e\000\040\000l\000'\000a\000r\000t\000\040\000d\000u\000\040\000p\000r\000o\000j\000e\000t}{}% 27
\BOOKMARK [1][-]{section*.18}{\376\377\000I\000n\000t\000r\000o\000d\000u\000c\000t\000i\000o\000n}{chapter.2}% 28
\BOOKMARK [1][-]{section.2.1}{\376\377\000A\000g\000e\000n\000t\000s\000\040\000I\000A\000\040\000a\000u\000t\000o\000n\000o\000m\000e\000s\000\040\000e\000t\000\040\000s\000y\000s\000t\000\350\000m\000e\000s\000\040\000a\000g\000e\000n\000t\000i\000q\000u\000e\000s}{chapter.2}% 29
\BOOKMARK [2][-]{subsection.2.1.1}{\376\377\000M\000o\000d\000\350\000l\000e\000s\000\040\000d\000e\000\040\000l\000a\000n\000g\000a\000g\000e\000\040\000d\000e\000\040\000g\000r\000a\000n\000d\000e\000\040\000t\000a\000i\000l\000l\000e}{section.2.1}% 30
\BOOKMARK [2][-]{subsection.2.1.2}{\376\377\000P\000l\000a\000n\000i\000f\000i\000c\000a\000t\000i\000o\000n\000,\000\040\000b\000o\000u\000c\000l\000e\000\040\000a\000g\000e\000n\000t\000i\000q\000u\000e\000\040\000e\000t\000\040\000u\000t\000i\000l\000i\000s\000a\000t\000i\000o\000n\000\040\000d\000'\000o\000u\000t\000i\000l\000s}{section.2.1}% 31
\BOOKMARK [2][-]{subsection.2.1.3}{\376\377\000M\000\351\000m\000o\000i\000r\000e\000\040\000d\000e\000s\000\040\000a\000g\000e\000n\000t\000s}{section.2.1}% 32
\BOOKMARK [2][-]{subsection.2.1.4}{\376\377\000R\000e\000t\000r\000i\000e\000v\000a\000l\000-\000A\000u\000g\000m\000e\000n\000t\000e\000d\000\040\000G\000e\000n\000e\000r\000a\000t\000i\000o\000n\000\040\000\050\000R\000A\000G\000\051}{section.2.1}% 33
\BOOKMARK [2][-]{subsection.2.1.5}{\376\377\000N\000o\000t\000i\000o\000n\000\040\000d\000'\000a\000g\000e\000n\000c\000e\000\040\000e\000t\000\040\000m\000o\000i\000n\000d\000r\000e\000\040\000a\000u\000t\000o\000n\000o\000m\000i\000e}{section.2.1}% 34
\BOOKMARK [1][-]{section.2.2}{\376\377\000M\000o\000d\000e\000l\000\040\000C\000o\000n\000t\000e\000x\000t\000\040\000P\000r\000o\000t\000o\000c\000o\000l\000\040\000\050\000M\000C\000P\000\051}{chapter.2}% 35
\BOOKMARK [2][-]{subsection.2.2.1}{\376\377\000P\000r\000i\000n\000c\000i\000p\000e\000s\000\040\000e\000t\000\040\000o\000b\000j\000e\000c\000t\000i\000f\000s}{section.2.2}% 36
\BOOKMARK [2][-]{subsection.2.2.2}{\376\377\000A\000r\000c\000h\000i\000t\000e\000c\000t\000u\000r\000e\000\040\000c\000l\000i\000e\000n\000t\000-\000s\000e\000r\000v\000e\000u\000r}{section.2.2}% 37
\BOOKMARK [2][-]{subsection.2.2.3}{\376\377\000O\000u\000t\000i\000l\000s\000\040\000e\000t\000\040\000r\000e\000s\000s\000o\000u\000r\000c\000e\000s}{section.2.2}% 38
\BOOKMARK [2][-]{subsection.2.2.4}{\376\377\000T\000r\000a\000n\000s\000p\000o\000r\000t\000,\000\040\000i\000d\000e\000n\000t\000i\000t\000\351\000\040\000e\000t\000\040\000a\000u\000t\000o\000r\000i\000s\000a\000t\000i\000o\000n}{section.2.2}% 39
\BOOKMARK [1][-]{section.2.3}{\376\377\000M\000e\000n\000a\000c\000e\000s\000\040\000d\000e\000\040\000s\000\351\000c\000u\000r\000i\000t\000\351\000\040\000v\000i\000s\000a\000n\000t\000\040\000l\000e\000s\000\040\000a\000g\000e\000n\000t\000s\000\040\000I\000A}{chapter.2}% 40
\BOOKMARK [2][-]{subsection.2.3.1}{\376\377\000P\000r\000o\000m\000p\000t\000\040\000i\000n\000j\000e\000c\000t\000i\000o\000n\000\040\000d\000i\000r\000e\000c\000t\000e}{section.2.3}% 41
\BOOKMARK [2][-]{subsection.2.3.2}{\376\377\000P\000r\000o\000m\000p\000t\000\040\000i\000n\000j\000e\000c\000t\000i\000o\000n\000\040\000i\000n\000d\000i\000r\000e\000c\000t\000e\000\040\000e\000t\000\040\000g\000o\000a\000l\000\040\000h\000i\000j\000a\000c\000k\000i\000n\000g}{section.2.3}% 42
\BOOKMARK [2][-]{subsection.2.3.3}{\376\377\000T\000o\000o\000l\000\040\000m\000i\000s\000u\000s\000e\000\040\000e\000t\000\040\000e\000x\000c\000e\000s\000s\000i\000v\000e\000\040\000a\000g\000e\000n\000c\000y}{section.2.3}% 43
\BOOKMARK [2][-]{subsection.2.3.4}{\376\377\000T\000o\000o\000l\000\040\000p\000o\000i\000s\000o\000n\000i\000n\000g\000\040\000e\000t\000\040\000m\000a\000n\000i\000p\000u\000l\000a\000t\000i\000o\000n\000\040\000d\000e\000\040\000m\000\351\000t\000a\000d\000o\000n\000n\000\351\000e\000s}{section.2.3}% 44
\BOOKMARK [2][-]{subsection.2.3.5}{\376\377\000T\000o\000o\000l\000\040\000s\000h\000a\000d\000o\000w\000i\000n\000g\000\040\000e\000t\000\040\000c\000o\000n\000f\000u\000s\000i\000o\000n\000\040\000d\000e\000\040\000n\000o\000m}{section.2.3}% 45
\BOOKMARK [2][-]{subsection.2.3.6}{\376\377\000R\000A\000G\000\040\000p\000o\000i\000s\000o\000n\000i\000n\000g}{section.2.3}% 46
\BOOKMARK [2][-]{subsection.2.3.7}{\376\377\000M\000e\000m\000o\000r\000y\000\040\000p\000o\000i\000s\000o\000n\000i\000n\000g}{section.2.3}% 47
\BOOKMARK [2][-]{subsection.2.3.8}{\376\377\000I\000d\000e\000n\000t\000i\000t\000y\000\040\000a\000n\000d\000\040\000p\000r\000i\000v\000i\000l\000e\000g\000e\000\040\000a\000b\000u\000s\000e}{section.2.3}% 48
\BOOKMARK [2][-]{subsection.2.3.9}{\376\377\000T\000o\000o\000l\000-\000c\000h\000a\000i\000n\000\040\000e\000x\000f\000i\000l\000t\000r\000a\000t\000i\000o\000n}{section.2.3}% 49
\BOOKMARK [2][-]{subsection.2.3.10}{\376\377\000U\000n\000e\000x\000p\000e\000c\000t\000e\000d\000\040\000c\000o\000d\000e\000\040\000e\000x\000e\000c\000u\000t\000i\000o\000n\000\040\000e\000t\000\040\000s\000a\000n\000d\000b\000o\000x\000\040\000a\000b\000u\000s\000e}{section.2.3}% 50
\BOOKMARK [2][-]{subsection.2.3.11}{\376\377\000M\000e\000n\000a\000c\000e\000s\000\040\000a\000g\000e\000n\000t\000i\000q\000u\000e\000s\000\040\000s\000e\000l\000o\000n\000\040\000l\000'\000O\000W\000A\000S\000P}{section.2.3}% 51
\BOOKMARK [1][-]{section.2.4}{\376\377\000A\000p\000p\000r\000o\000c\000h\000e\000s\000\040\000d\000e\000\040\000s\000\351\000c\000u\000r\000i\000s\000a\000t\000i\000o\000n}{chapter.2}% 52
\BOOKMARK [2][-]{subsection.2.4.1}{\376\377\000P\000r\000i\000n\000c\000i\000p\000e\000\040\000Z\000e\000r\000o\000-\000T\000r\000u\000s\000t\000\040\000a\000p\000p\000l\000i\000q\000u\000\351\000\040\000a\000u\000x\000\040\000a\000g\000e\000n\000t\000s\000\040\000I\000A}{section.2.4}% 53
\BOOKMARK [2][-]{subsection.2.4.2}{\376\377\000C\000o\000n\000t\000r\000\364\000l\000e\000\040\000d\000'\000a\000c\000c\000\350\000s\000\040\000c\000o\000n\000t\000e\000x\000t\000u\000e\000l}{section.2.4}% 54
\BOOKMARK [2][-]{subsection.2.4.3}{\376\377\000P\000r\000o\000v\000e\000n\000a\000n\000c\000e}{section.2.4}% 55
\BOOKMARK [2][-]{subsection.2.4.4}{\376\377\000C\000l\000a\000s\000s\000i\000f\000i\000c\000a\000t\000i\000o\000n\000\040\000d\000e\000s\000\040\000d\000o\000n\000n\000\351\000e\000s}{section.2.4}% 56
\BOOKMARK [2][-]{subsection.2.4.5}{\376\377\000H\000u\000m\000a\000n\000\040\000i\000n\000\040\000t\000h\000e\000\040\000L\000o\000o\000p}{section.2.4}% 57
\BOOKMARK [1][-]{section.2.5}{\376\377\000S\000t\000a\000n\000d\000a\000r\000d\000s\000\040\000e\000t\000\040\000f\000r\000a\000m\000e\000w\000o\000r\000k\000s\000\040\000d\000e\000\040\000c\000y\000b\000e\000r\000s\000\351\000c\000u\000r\000i\000t\000\351\000\040\000e\000t\000\040\000d\000e\000\040\000g\000o\000u\000v\000e\000r\000n\000a\000n\000c\000e}{chapter.2}% 58
\BOOKMARK [2][-]{subsection.2.5.1}{\376\377\000N\000I\000S\000T\000\040\000A\000I\000\040\000R\000i\000s\000k\000\040\000M\000a\000n\000a\000g\000e\000m\000e\000n\000t\000\040\000F\000r\000a\000m\000e\000w\000o\000r\000k}{section.2.5}% 59
\BOOKMARK [2][-]{subsection.2.5.2}{\376\377\000I\000S\000O\000/\000I\000E\000C\000\040\0004\0002\0000\0000\0001}{section.2.5}% 60
\BOOKMARK [2][-]{subsection.2.5.3}{\376\377\000I\000S\000O\000/\000I\000E\000C\000\040\0002\0003\0008\0009\0004}{section.2.5}% 61
\BOOKMARK [2][-]{subsection.2.5.4}{\376\377\000I\000S\000O\000/\000I\000E\000C\000\040\0002\0007\0000\0000\0001}{section.2.5}% 62
\BOOKMARK [2][-]{subsection.2.5.5}{\376\377\000C\000o\000n\000t\000e\000x\000t\000e\000\040\000m\000a\000r\000o\000c\000a\000i\000n\000\040\000:\000\040\000l\000o\000i\000\040\0000\0009\000-\0000\0008\000\040\000e\000t\000\040\000C\000N\000D\000P}{section.2.5}% 63
\BOOKMARK [1][-]{section.2.6}{\376\377\000S\000y\000n\000t\000h\000\350\000s\000e\000\040\000d\000e\000\040\000l\000'\000\351\000t\000a\000t\000\040\000d\000e\000\040\000l\000'\000a\000r\000t}{chapter.2}% 64
\BOOKMARK [1][-]{section.2.6}{\376\377\000C\000o\000n\000c\000l\000u\000s\000i\000o\000n}{chapter.2}% 65
\BOOKMARK [0][-]{chapter.3}{\376\377\000C\000o\000n\000c\000e\000p\000t\000i\000o\000n\000\040\000d\000u\000\040\000p\000r\000o\000j\000e\000t}{}% 66
\BOOKMARK [1][-]{section*.22}{\376\377\000I\000n\000t\000r\000o\000d\000u\000c\000t\000i\000o\000n}{chapter.3}% 67
\BOOKMARK [1][-]{section.3.1}{\376\377\000A\000n\000a\000l\000y\000s\000e\000\040\000d\000e\000s\000\040\000b\000e\000s\000o\000i\000n\000s}{chapter.3}% 68
\BOOKMARK [2][-]{subsection.3.1.1}{\376\377\000B\000e\000s\000o\000i\000n\000s\000\040\000f\000o\000n\000c\000t\000i\000o\000n\000n\000e\000l\000s}{section.3.1}% 69
\BOOKMARK [2][-]{subsection.3.1.2}{\376\377\000B\000e\000s\000o\000i\000n\000s\000\040\000n\000o\000n\000\040\000f\000o\000n\000c\000t\000i\000o\000n\000n\000e\000l\000s}{section.3.1}% 70
\BOOKMARK [1][-]{section.3.2}{\376\377\000M\000o\000d\000\351\000l\000i\000s\000a\000t\000i\000o\000n\000\040\000U\000M\000L\000\040\000d\000u\000\040\000s\000y\000s\000t\000\350\000m\000e}{chapter.3}% 71
\BOOKMARK [2][-]{subsection.3.2.1}{\376\377\000D\000i\000a\000g\000r\000a\000m\000m\000e\000\040\000d\000e\000\040\000c\000a\000s\000\040\000d\000'\000u\000t\000i\000l\000i\000s\000a\000t\000i\000o\000n}{section.3.2}% 72
\BOOKMARK [2][-]{subsection.3.2.2}{\376\377\000D\000i\000a\000g\000r\000a\000m\000m\000e\000\040\000d\000e\000\040\000c\000l\000a\000s\000s\000e\000s\000\040\000c\000o\000n\000c\000e\000p\000t\000u\000e\000l}{section.3.2}% 73
\BOOKMARK [2][-]{subsection.3.2.3}{\376\377\000D\000i\000a\000g\000r\000a\000m\000m\000e\000\040\000d\000e\000\040\000s\000\351\000q\000u\000e\000n\000c\000e\000\040\000d\000'\000u\000n\000\040\000a\000p\000p\000e\000l\000\040\000d\000'\000o\000u\000t\000i\000l\000\040\000s\000\351\000c\000u\000r\000i\000s\000\351}{section.3.2}% 74
\BOOKMARK [2][-]{subsection.3.2.4}{\376\377\000D\000i\000a\000g\000r\000a\000m\000m\000e\000\040\000d\000'\000a\000c\000t\000i\000v\000i\000t\000\351\000\040\000d\000'\000u\000n\000e\000\040\000d\000\351\000c\000i\000s\000i\000o\000n\000\040\000A\000e\000g\000i\000s\000\040\000G\000u\000a\000r\000d}{section.3.2}% 75
\BOOKMARK [2][-]{subsection.3.2.5}{\376\377\000D\000i\000a\000g\000r\000a\000m\000m\000e\000\040\000d\000e\000\040\000d\000\351\000p\000l\000o\000i\000e\000m\000e\000n\000t}{section.3.2}% 76
\BOOKMARK [1][-]{section.3.3}{\376\377\000M\000o\000d\000\350\000l\000e\000\040\000d\000e\000\040\000m\000e\000n\000a\000c\000e}{chapter.3}% 77
\BOOKMARK [2][-]{subsection.3.3.1}{\376\377\000A\000c\000t\000i\000f\000s\000\040\000\340\000\040\000p\000r\000o\000t\000\351\000g\000e\000r}{section.3.3}% 78
\BOOKMARK [2][-]{subsection.3.3.2}{\376\377\000A\000c\000t\000e\000u\000r\000s\000\040\000d\000e\000\040\000m\000e\000n\000a\000c\000e}{section.3.3}% 79
\BOOKMARK [2][-]{subsection.3.3.3}{\376\377\000F\000r\000o\000n\000t\000i\000\350\000r\000e\000s\000\040\000d\000e\000\040\000c\000o\000n\000f\000i\000a\000n\000c\000e}{section.3.3}% 80
\BOOKMARK [2][-]{subsection.3.3.4}{\376\377\000C\000a\000t\000a\000l\000o\000g\000u\000e\000\040\000d\000'\000a\000t\000t\000a\000q\000u\000e\000s}{section.3.3}% 81
\BOOKMARK [1][-]{section.3.4}{\376\377\000C\000o\000n\000c\000e\000p\000t\000i\000o\000n\000\040\000f\000o\000n\000c\000t\000i\000o\000n\000n\000e\000l\000l\000e\000\040\000d\000'\000A\000e\000g\000i\000s\000M\000C\000P}{chapter.3}% 82
\BOOKMARK [2][-]{subsection.3.4.1}{\376\377\000A\000I\000/\000M\000C\000P\000\040\000L\000a\000b}{section.3.4}% 83
\BOOKMARK [2][-]{subsection.3.4.2}{\376\377\000A\000e\000g\000i\000s\000\040\000R\000e\000d}{section.3.4}% 84
\BOOKMARK [2][-]{subsection.3.4.3}{\376\377\000A\000e\000g\000i\000s\000\040\000G\000u\000a\000r\000d}{section.3.4}% 85
\BOOKMARK [2][-]{subsection.3.4.4}{\376\377\000M\000o\000d\000\350\000l\000e\000\040\000d\000e\000\040\000p\000r\000o\000v\000e\000n\000a\000n\000c\000e}{section.3.4}% 86
\BOOKMARK [2][-]{subsection.3.4.5}{\376\377\000M\000o\000d\000\350\000l\000e\000\040\000d\000e\000\040\000c\000l\000a\000s\000s\000i\000f\000i\000c\000a\000t\000i\000o\000n\000\040\000d\000e\000s\000\040\000d\000o\000n\000n\000\351\000e\000s}{section.3.4}% 87
\BOOKMARK [2][-]{subsection.3.4.6}{\376\377\000M\000o\000d\000\350\000l\000e\000\040\000d\000e\000\040\000r\000i\000s\000q\000u\000e\000\040\000d\000e\000s\000\040\000o\000u\000t\000i\000l\000s}{section.3.4}% 88
\BOOKMARK [2][-]{subsection.3.4.7}{\376\377\000D\000\351\000c\000i\000s\000i\000o\000n\000\040\000d\000e\000\040\000s\000\351\000c\000u\000r\000i\000t\000\351}{section.3.4}% 89
\BOOKMARK [1][-]{section.3.5}{\376\377\000C\000o\000n\000c\000e\000p\000t\000i\000o\000n\000\040\000d\000u\000\040\000v\000o\000l\000e\000t\000\040\000G\000R\000C}{chapter.3}% 90
\BOOKMARK [2][-]{subsection.3.5.1}{\376\377\000R\000\364\000l\000e\000s\000\040\000d\000e\000\040\000g\000o\000u\000v\000e\000r\000n\000a\000n\000c\000e}{section.3.5}% 91
\BOOKMARK [2][-]{subsection.3.5.2}{\376\377\000R\000e\000g\000i\000s\000t\000r\000e\000\040\000d\000e\000s\000\040\000r\000i\000s\000q\000u\000e\000s}{section.3.5}% 92
\BOOKMARK [2][-]{subsection.3.5.3}{\376\377\000C\000a\000t\000a\000l\000o\000g\000u\000e\000\040\000d\000e\000\040\000c\000o\000n\000t\000r\000\364\000l\000e\000s}{section.3.5}% 93
\BOOKMARK [2][-]{subsection.3.5.4}{\376\377\000C\000h\000a\000\356\000n\000e\000\040\000d\000e\000\040\000p\000r\000e\000u\000v\000e}{section.3.5}% 94
\BOOKMARK [1][-]{section.3.6}{\376\377\000H\000y\000p\000o\000t\000h\000\350\000s\000e\000s\000\040\000d\000e\000\040\000r\000e\000c\000h\000e\000r\000c\000h\000e}{chapter.3}% 95
\BOOKMARK [1][-]{section.3.6}{\376\377\000C\000o\000n\000c\000l\000u\000s\000i\000o\000n}{chapter.3}% 96
\BOOKMARK [0][-]{chapter.4}{\376\377\000I\000n\000f\000r\000a\000s\000t\000r\000u\000c\000t\000u\000r\000e\000\040\000e\000t\000\040\000a\000r\000c\000h\000i\000t\000e\000c\000t\000u\000r\000e\000s\000\040\000p\000r\000o\000p\000o\000s\000\351\000e\000s}{}% 97
\BOOKMARK [1][-]{section*.35}{\376\377\000I\000n\000t\000r\000o\000d\000u\000c\000t\000i\000o\000n}{chapter.4}% 98
\BOOKMARK [1][-]{section.4.1}{\376\377\000B\000e\000n\000c\000h\000m\000a\000r\000k\000i\000n\000g\000\040\000d\000e\000s\000\040\000s\000o\000l\000u\000t\000i\000o\000n\000s\000\040\000d\000'\000e\000x\000\351\000c\000u\000t\000i\000o\000n\000\040\000d\000e\000s\000\040\000m\000o\000d\000\350\000l\000e\000s}{chapter.4}% 99
\BOOKMARK [2][-]{subsection.4.1.1}{\376\377\000E\000x\000\351\000c\000u\000t\000i\000o\000n\000\040\000l\000o\000c\000a\000l\000e}{section.4.1}% 100
\BOOKMARK [2][-]{subsection.4.1.2}{\376\377\000U\000t\000i\000l\000i\000s\000a\000t\000i\000o\000n\000\040\000d\000'\000u\000n\000e\000\040\000A\000P\000I\000\040\000L\000L\000M}{section.4.1}% 101
\BOOKMARK [2][-]{subsection.4.1.3}{\376\377\000C\000o\000m\000p\000a\000r\000a\000i\000s\000o\000n\000\040\000e\000t\000\040\000c\000h\000o\000i\000x\000\040\000r\000e\000t\000e\000n\000u}{section.4.1}% 102
\BOOKMARK [1][-]{section.4.2}{\376\377\000B\000e\000n\000c\000h\000m\000a\000r\000k\000i\000n\000g\000\040\000d\000e\000s\000\040\000s\000o\000l\000u\000t\000i\000o\000n\000s\000\040\000M\000C\000P}{chapter.4}% 103
\BOOKMARK [2][-]{subsection.4.2.1}{\376\377\000P\000o\000u\000r\000q\000u\000o\000i\000\040\000i\000n\000t\000\351\000g\000r\000e\000r\000\040\000u\000n\000\040\000v\000r\000a\000i\000\040\000M\000C\000P\000\040\000?}{section.4.2}% 104
\BOOKMARK [2][-]{subsection.4.2.2}{\376\377\000S\000D\000K\000\040\000P\000y\000t\000h\000o\000n\000\040\000r\000e\000t\000e\000n\000u}{section.4.2}% 105
\BOOKMARK [2][-]{subsection.4.2.3}{\376\377\000T\000r\000a\000n\000s\000p\000o\000r\000t\000s}{section.4.2}% 106
\BOOKMARK [1][-]{section.4.3}{\376\377\000A\000r\000c\000h\000i\000t\000e\000c\000t\000u\000r\000e\000\040\000p\000r\000o\000p\000o\000s\000\351\000e}{chapter.4}% 107
\BOOKMARK [2][-]{subsection.4.3.1}{\376\377\000A\000r\000c\000h\000i\000t\000e\000c\000t\000u\000r\000e\000\040\000g\000l\000o\000b\000a\000l\000e\000\040\000d\000e\000\040\000l\000a\000\040\000p\000l\000a\000t\000e\000f\000o\000r\000m\000e}{section.4.3}% 108
\BOOKMARK [2][-]{subsection.4.3.2}{\376\377\000P\000l\000a\000n\000\040\000A\000g\000e\000n\000t}{section.4.3}% 109
\BOOKMARK [2][-]{subsection.4.3.3}{\376\377\000P\000l\000a\000n\000\040\000M\000C\000P}{section.4.3}% 110
\BOOKMARK [2][-]{subsection.4.3.4}{\376\377\000A\000r\000c\000h\000i\000t\000e\000c\000t\000u\000r\000e\000\040\000d\000'\000A\000e\000g\000i\000s\000\040\000G\000u\000a\000r\000d}{section.4.3}% 111
\BOOKMARK [2][-]{subsection.4.3.5}{\376\377\000A\000r\000c\000h\000i\000t\000e\000c\000t\000u\000r\000e\000\040\000d\000'\000A\000e\000g\000i\000s\000\040\000R\000e\000d}{section.4.3}% 112
\BOOKMARK [2][-]{subsection.4.3.6}{\376\377\000A\000r\000c\000h\000i\000t\000e\000c\000t\000u\000r\000e\000\040\000G\000R\000C\000\040\000e\000t\000\040\000c\000h\000a\000\356\000n\000e\000\040\000d\000e\000\040\000p\000r\000e\000u\000v\000e\000s}{section.4.3}% 113
\BOOKMARK [2][-]{subsection.4.3.7}{\376\377\000F\000l\000u\000x\000\040\000c\000o\000m\000p\000l\000e\000t\000\040\000d\000'\000u\000n\000e\000\040\000a\000c\000t\000i\000o\000n\000\040\000c\000o\000n\000t\000r\000\364\000l\000\351\000e}{section.4.3}% 114
\BOOKMARK [1][-]{section.4.4}{\376\377\000O\000u\000t\000i\000l\000s\000\040\000e\000t\000\040\000t\000e\000c\000h\000n\000o\000l\000o\000g\000i\000e\000s\000\040\000u\000t\000i\000l\000i\000s\000\351\000s}{chapter.4}% 115
\BOOKMARK [2][-]{subsection.4.4.1}{\376\377\000B\000a\000c\000k\000e\000n\000d\000\040\000e\000t\000\040\000o\000r\000c\000h\000e\000s\000t\000r\000a\000t\000i\000o\000n}{section.4.4}% 116
\BOOKMARK [2][-]{subsection.4.4.2}{\376\377\000M\000o\000d\000e\000l\000\040\000P\000r\000o\000v\000i\000d\000e\000r}{section.4.4}% 117
\BOOKMARK [2][-]{subsection.4.4.3}{\376\377\000M\000C\000P}{section.4.4}% 118
\BOOKMARK [2][-]{subsection.4.4.4}{\376\377\000S\000t\000o\000c\000k\000a\000g\000e\000\040\000e\000t\000\040\000t\000\351\000l\000\351\000m\000\351\000t\000r\000i\000e}{section.4.4}% 119
\BOOKMARK [2][-]{subsection.4.4.5}{\376\377\000I\000n\000t\000e\000r\000f\000a\000c\000e\000\040\000u\000t\000i\000l\000i\000s\000a\000t\000e\000u\000r}{section.4.4}% 120
\BOOKMARK [2][-]{subsection.4.4.6}{\376\377\000S\000y\000n\000t\000h\000\350\000s\000e\000\040\000d\000e\000\040\000l\000a\000\040\000p\000i\000l\000e\000\040\000t\000e\000c\000h\000n\000o\000l\000o\000g\000i\000q\000u\000e}{section.4.4}% 121
\BOOKMARK [1][-]{section.4.5}{\376\377\000P\000r\000i\000n\000c\000i\000p\000e\000s\000\040\000d\000e\000\040\000d\000\351\000p\000l\000o\000i\000e\000m\000e\000n\000t\000\040\000s\000\351\000c\000u\000r\000i\000s\000\351}{chapter.4}% 122
\BOOKMARK [1][-]{section.4.5}{\376\377\000C\000o\000n\000c\000l\000u\000s\000i\000o\000n}{chapter.4}% 123
\BOOKMARK [0][-]{chapter.5}{\376\377\000R\000\351\000a\000l\000i\000s\000a\000t\000i\000o\000n}{}% 124
\BOOKMARK [1][-]{section*.40}{\376\377\000I\000n\000t\000r\000o\000d\000u\000c\000t\000i\000o\000n}{chapter.5}% 125
\BOOKMARK [1][-]{section.5.1}{\376\377\000I\000n\000f\000r\000a\000s\000t\000r\000u\000c\000t\000u\000r\000e\000\040\000d\000e\000\040\000d\000\351\000v\000e\000l\000o\000p\000p\000e\000m\000e\000n\000t\000\040\000e\000t\000\040\000\351\000t\000a\000t\000\040\000d\000u\000\040\000d\000\351\000p\000\364\000t}{chapter.5}% 126
\BOOKMARK [2][-]{subsection.5.1.1}{\376\377\000E\000n\000v\000i\000r\000o\000n\000n\000e\000m\000e\000n\000t\000\040\000t\000e\000c\000h\000n\000i\000q\000u\000e}{section.5.1}% 127
\BOOKMARK [2][-]{subsection.5.1.2}{\376\377\000P\000i\000l\000e\000\040\000t\000e\000c\000h\000n\000o\000l\000o\000g\000i\000q\000u\000e\000\040\000e\000f\000f\000e\000c\000t\000i\000v\000e\000m\000e\000n\000t\000\040\000u\000t\000i\000l\000i\000s\000\351\000e}{section.5.1}% 128
\BOOKMARK [1][-]{section.5.2}{\376\377\000P\000r\000\351\000s\000e\000n\000t\000a\000t\000i\000o\000n\000\040\000d\000e\000s\000\040\000m\000o\000d\000u\000l\000e\000s\000\040\000r\000\351\000a\000l\000i\000s\000\351\000s}{chapter.5}% 129
\BOOKMARK [2][-]{subsection.5.2.1}{\376\377\000M\000o\000d\000e\000l\000\040\000P\000r\000o\000v\000i\000d\000e\000r\000\040\000O\000p\000e\000n\000R\000o\000u\000t\000e\000r}{section.5.2}% 130
\BOOKMARK [2][-]{subsection.5.2.2}{\376\377\000A\000g\000e\000n\000t\000\040\000d\000e\000\040\000t\000o\000o\000l\000\040\000c\000a\000l\000l\000i\000n\000g\000\040\000\351\000l\000\351\000m\000e\000n\000t\000a\000i\000r\000e}{section.5.2}% 131
\BOOKMARK [2][-]{subsection.5.2.3}{\376\377\000B\000a\000s\000e\000l\000i\000n\000e\000\040\000v\000o\000l\000o\000n\000t\000a\000i\000r\000e\000m\000e\000n\000t\000\040\000v\000u\000l\000n\000\351\000r\000a\000b\000l\000e}{section.5.2}% 132
\BOOKMARK [2][-]{subsection.5.2.4}{\376\377\000P\000r\000e\000m\000i\000e\000r\000\040\000s\000c\000\351\000n\000a\000r\000i\000o\000\040\000d\000'\000i\000n\000j\000e\000c\000t\000i\000o\000n\000\040\000i\000n\000d\000i\000r\000e\000c\000t\000e}{section.5.2}% 133
\BOOKMARK [2][-]{subsection.5.2.5}{\376\377\000A\000e\000g\000i\000s\000\040\000R\000e\000d\000\040\000:\000\040\000c\000o\000r\000p\000u\000s\000\040\000i\000n\000i\000t\000i\000a\000l\000\040\000d\000e\000\040\000v\000a\000r\000i\000a\000n\000t\000e\000s}{section.5.2}% 134
\BOOKMARK [2][-]{subsection.5.2.6}{\376\377\000R\000\351\000s\000u\000l\000t\000a\000t\000s\000\040\000p\000r\000\351\000l\000i\000m\000i\000n\000a\000i\000r\000e\000s\000\040\000s\000u\000r\000\040\000N\000e\000m\000o\000t\000r\000o\000n\000\040\0003\000\040\000U\000l\000t\000r\000a}{section.5.2}% 135
\BOOKMARK [2][-]{subsection.5.2.7}{\376\377\000E\000s\000s\000a\000i\000\040\000d\000e\000\040\000c\000o\000m\000p\000a\000r\000a\000i\000s\000o\000n\000\040\000m\000u\000l\000t\000i\000-\000m\000o\000d\000\350\000l\000e\000s}{section.5.2}% 136
\BOOKMARK [1][-]{section.5.3}{\376\377\000D\000\351\000m\000o\000n\000s\000t\000r\000a\000t\000i\000o\000n\000\040\000d\000u\000\040\000f\000l\000u\000x\000\040\000a\000c\000t\000u\000e\000l\000\040\000e\000t\000\040\000d\000u\000\040\000f\000l\000u\000x\000\040\000c\000i\000b\000l\000e}{chapter.5}% 137
\BOOKMARK [2][-]{subsection.5.3.1}{\376\377\000F\000l\000u\000x\000\040\000b\000a\000s\000e\000l\000i\000n\000e\000\040\000a\000c\000t\000u\000e\000l}{section.5.3}% 138
\BOOKMARK [2][-]{subsection.5.3.2}{\376\377\000F\000l\000u\000x\000\040\000c\000i\000b\000l\000e\000\040\000a\000v\000e\000c\000\040\000A\000e\000g\000i\000s\000\040\000G\000u\000a\000r\000d}{section.5.3}% 139
\BOOKMARK [1][-]{section.5.4}{\376\377\000P\000l\000a\000n\000\040\000d\000e\000\040\000r\000\351\000a\000l\000i\000s\000a\000t\000i\000o\000n\000\040\000d\000e\000s\000\040\000m\000o\000d\000u\000l\000e\000s\000\040\000r\000e\000s\000t\000a\000n\000t\000s}{chapter.5}% 140
\BOOKMARK [1][-]{section.5.5}{\376\377\000M\000\351\000t\000h\000o\000d\000o\000l\000o\000g\000i\000e\000\040\000d\000e\000\040\000t\000e\000s\000t\000s\000\040\000e\000t\000\040\000r\000\351\000s\000u\000l\000t\000a\000t\000s\000\040\000a\000t\000t\000e\000n\000d\000u\000s}{chapter.5}% 141
\BOOKMARK [2][-]{subsection.5.5.1}{\376\377\000G\000r\000o\000u\000p\000e\000s\000\040\000d\000e\000\040\000t\000e\000s\000t\000s}{section.5.5}% 142
\BOOKMARK [2][-]{subsection.5.5.2}{\376\377\000A\000t\000t\000a\000c\000k\000\040\000S\000u\000c\000c\000e\000s\000s\000\040\000R\000a\000t\000e}{section.5.5}% 143
\BOOKMARK [2][-]{subsection.5.5.3}{\376\377\000P\000r\000e\000v\000e\000n\000t\000i\000o\000n\000\040\000R\000a\000t\000e}{section.5.5}% 144
\BOOKMARK [2][-]{subsection.5.5.4}{\376\377\000F\000a\000l\000s\000e\000\040\000P\000o\000s\000i\000t\000i\000v\000e\000\040\000R\000a\000t\000e}{section.5.5}% 145
\BOOKMARK [2][-]{subsection.5.5.5}{\376\377\000T\000a\000s\000k\000\040\000C\000o\000m\000p\000l\000e\000t\000i\000o\000n\000\040\000R\000a\000t\000e}{section.5.5}% 146
\BOOKMARK [2][-]{subsection.5.5.6}{\376\377\000L\000a\000t\000e\000n\000c\000e\000\040\000d\000e\000\040\000d\000\351\000c\000i\000s\000i\000o\000n}{section.5.5}% 147
\BOOKMARK [2][-]{subsection.5.5.7}{\376\377\000A\000p\000p\000r\000o\000v\000a\000l\000\040\000O\000v\000e\000r\000h\000e\000a\000d}{section.5.5}% 148
\BOOKMARK [2][-]{subsection.5.5.8}{\376\377\000B\000l\000a\000s\000t\000\040\000R\000a\000d\000i\000u\000s}{section.5.5}% 149
\BOOKMARK [1][-]{section.5.6}{\376\377\000R\000\351\000s\000u\000l\000t\000a\000t\000s\000\040\000a\000c\000t\000u\000e\000l\000s\000\040\000e\000t\000\040\000l\000i\000m\000i\000t\000e\000s}{chapter.5}% 150
\BOOKMARK [2][-]{subsection.5.6.1}{\376\377\000C\000e\000\040\000q\000u\000i\000\040\000e\000s\000t\000\040\000d\000\351\000m\000o\000n\000t\000r\000\351}{section.5.6}% 151
\BOOKMARK [2][-]{subsection.5.6.2}{\376\377\000C\000e\000\040\000q\000u\000i\000\040\000n\000'\000e\000s\000t\000\040\000p\000a\000s\000\040\000e\000n\000c\000o\000r\000e\000\040\000d\000\351\000m\000o\000n\000t\000r\000\351}{section.5.6}% 152
\BOOKMARK [2][-]{subsection.5.6.3}{\376\377\000I\000n\000t\000e\000r\000p\000r\000\351\000t\000a\000t\000i\000o\000n\000\040\000d\000e\000s\000\040\000i\000n\000j\000e\000c\000t\000i\000o\000n\000s\000\040\000q\000u\000i\000\040\000o\000n\000t\000\040\000\351\000c\000h\000o\000u\000\351}{section.5.6}% 153
\BOOKMARK [1][-]{section.5.7}{\376\377\000P\000r\000\351\000p\000a\000r\000a\000t\000i\000o\000n\000\040\000d\000e\000\040\000l\000a\000\040\000s\000o\000u\000t\000e\000n\000a\000n\000c\000e\000\040\000t\000e\000c\000h\000n\000i\000q\000u\000e}{chapter.5}% 154
\BOOKMARK [1][-]{paragraph*.50}{\376\377\000C\000o\000n\000c\000l\000u\000s\000i\000o\000n}{chapter.5}% 155
\BOOKMARK [0][-]{chapter*.51}{\376\377\000C\000o\000n\000c\000l\000u\000s\000i\000o\000n\000\040\000G\000\351\000n\000\351\000r\000a\000l\000e\000\040\000e\000t\000\040\000P\000e\000r\000s\000p\000e\000c\000t\000i\000v\000e\000s}{}% 156
\BOOKMARK [0][-]{chapter*.52}{\376\377\000B\000i\000b\000l\000i\000o\000g\000r\000a\000p\000h\000i\000e}{}% 157
